13:05:20 **** Incremental Build of configuration Debug for project Ganymede C ****
make -j16 all 
arm-none-eabi-gcc "../Core/Src/main.c" -mcpu=cortex-m0plus -std=gnu11 -g3 -DDEBUG -DUSE_HAL_DRIVER -DSTM32L010x4 -c -I../Core/Inc -I../Drivers/STM32L0xx_HAL_Driver/Inc -I../Drivers/STM32L0xx_HAL_Driver/Inc/Legacy -I../Drivers/CMSIS/Device/ST/STM32L0xx/Include -I../Drivers/CMSIS/Include -O0 -ffunction-sections -fdata-sections -Wall -fstack-usage -fcyclomatic-complexity -MMD -MP -MF"Core/Src/main.d" -MT"Core/Src/main.o" --specs=nano.specs -mfloat-abi=soft -mthumb -o "Core/Src/main.o"
arm-none-eabi-gcc -o "Ganymede C.elf" @"objects.list"   -mcpu=cortex-m0plus -T"C:\Users\mergo\STM32CubeIDE\Ganymede C\Ganymede-C\Ganymede-C-Control\Ganymede C\STM32L010F4PX_FLASH.ld" --specs=nosys.specs -Wl,-Map="Ganymede C.map" -Wl,--gc-sections -static --specs=nano.specs -mfloat-abi=soft -mthumb -Wl,--start-group -lc -lm -Wl,--end-group
Finished building target: Ganymede C.elf
 
arm-none-eabi-size  Ganymede\ C.elf 
arm-none-eabi-objdump -h -S Ganymede\ C.elf  > "Ganymede C.list"
   text	   data	    bss	    dec	    hex	filename
  10860	     20	   1700	  12580	   3124	Ganymede C.elf
Finished building: default.size.stdout
 
Finished building: Ganymede C.list
 
13:05:23 **** Incremental Build of configuration Debug for project Ganymede C ****
make -j16 all 
arm-none-eabi-size  Ganymede\ C.elf 
   text	   data	    bss	    dec	    hex	filename
  10860	     20	   1700	  12580	   3124	Ganymede C.elf
Finished building: default.size.stdout
 
13:14:47 **** Incremental Build of configuration Debug for project Ganymede C ****
make -j16 all 
arm-none-eabi-size  Ganymede\ C.elf 
   text	   data	    bss	    dec	    hex	filename
  10860	     20	   1700	  12580	   3124	Ganymede C.elf
Finished building: default.size.stdout
 
